OBJECT_NAME,OBJECT_TYPE
ALL_ALL_TABLES,VIEW
ALL_ARGUMENTS,VIEW
ALL_ASSOCIATIONS,VIEW
ALL_CATALOG,VIEW
ALL_CLUSTER_HASH_EXPRESSIONS,VIEW
ALL_CLUSTERS,VIEW
ALL_COL_COMMENTS,VIEW
ALL_COL_PRIVS,VIEW
ALL_COL_PRIVS_MADE,VIEW
ALL_COL_PRIVS_RECD,VIEW
ALL_CONS_COLUMNS,VIEW
ALL_CONS_OBJ_COLUMNS,VIEW
ALL_CONSTRAINTS,VIEW
ALL_DB_LINKS,VIEW
ALL_DEF_AUDIT_OPTS,VIEW
ALL_DIRECTORIES,VIEW
ALL_IND_COLUMNS,VIEW
ALL_INDEXES,VIEW
ALL_IND_EXPRESSIONS,VIEW
ALL_INDEXTYPE_ARRAYTYPES,VIEW
ALL_INDEXTYPE_COMMENTS,VIEW
ALL_INDEXTYPE_OPERATORS,VIEW
ALL_INDEXTYPES,VIEW
ALL_JOIN_IND_COLUMNS,VIEW
ALL_LIBRARIES,VIEW
ALL_LOBS,VIEW
ALL_LOG_GROUP_COLUMNS,VIEW
ALL_LOG_GROUPS,VIEW
ALL_NESTED_TABLE_COLS,VIEW
ALL_NESTED_TABLES,VIEW
ALL_OBJ_COLATTRS,VIEW
ALL_OBJECTS,VIEW
ALL_OBJECT_TABLES,VIEW
ALL_OPANCILLARY,VIEW
ALL_OPARGUMENTS,VIEW
ALL_OPBINDINGS,VIEW
ALL_OPERATOR_COMMENTS,VIEW
ALL_OPERATORS,VIEW
ALL_PARTIAL_DROP_TABS,VIEW
ALL_PLSQL_OBJECT_SETTINGS,VIEW
ALL_PROCEDURES,VIEW
ALL_PUBLISHED_COLUMNS,VIEW
ALL_REFS,VIEW
ALL_REGISTRY_BANNERS,VIEW
ALL_SECONDARY_OBJECTS,VIEW
ALL_SEQUENCES,VIEW
ALL_SOURCE_TABLES,VIEW
ALL_STORED_SETTINGS,VIEW
ALL_SUBSCRIBED_COLUMNS,VIEW
ALL_SUBSCRIBED_TABLES,VIEW
ALL_SUBSCRIPTIONS,VIEW
ALL_SUMDELTA,VIEW
ALL_SYNONYMS,VIEW
ALL_TAB_COLS,VIEW
ALL_TAB_COL_STATISTICS,VIEW
ALL_TAB_COLUMNS,VIEW
ALL_TAB_COMMENTS,VIEW
ALL_TAB_HISTOGRAMS,VIEW
ALL_TABLES,VIEW
ALL_TAB_MODIFICATIONS,VIEW
ALL_TAB_PRIVS,VIEW
ALL_TAB_PRIVS_MADE,VIEW
ALL_TAB_PRIVS_RECD,VIEW
ALL_UNUSED_COL_TABS,VIEW
ALL_UPDATABLE_COLUMNS,VIEW
ALL_USERS,VIEW
ALL_USTATS,VIEW
ALL_VARRAYS,VIEW
ALL_VIEWS,VIEW
ALL_XML_SCHEMAS,VIEW
ALL_XML_SCHEMAS2,VIEW
AUDIT_ACTIONS,TABLE
CATALOG,VIEW
CHANGE_SETS,VIEW
CHANGE_SOURCES,VIEW
CHANGE_TABLES,VIEW
COL,VIEW
COLUMN_PRIVILEGES,VIEW
DATABASE_COMPATIBLE_LEVEL,VIEW
DATABASE_PROPERTIES,VIEW
DBA_ALL_TABLES,VIEW
DBA_ASSOCIATIONS,VIEW
DBA_AUDIT_EXISTS,VIEW
DBA_AUDIT_OBJECT,VIEW
DBA_AUDIT_SESSION,VIEW
DBA_AUDIT_STATEMENT,VIEW
DBA_AUDIT_TRAIL,VIEW
DBA_CATALOG,VIEW
DBA_CLU_COLUMNS,VIEW
DBA_CLUSTER_HASH_EXPRESSIONS,VIEW
DBA_CLUSTERS,VIEW
DBA_COL_COMMENTS,VIEW
DBA_COL_PRIVS,VIEW
DBA_CONS_COLUMNS,VIEW
DBA_CONS_OBJ_COLUMNS,VIEW
DBA_CONSTRAINTS,VIEW
DBA_DB_LINKS,VIEW
DBA_DIRECTORIES,VIEW
DBA_EXP_FILES,VIEW
DBA_EXP_OBJECTS,VIEW
DBA_EXP_VERSION,VIEW
DBA_IND_COLUMNS,VIEW
DBA_INDEXES,VIEW
DBA_IND_EXPRESSIONS,VIEW
DBA_INDEXTYPE_ARRAYTYPES,VIEW
DBA_INDEXTYPE_COMMENTS,VIEW
DBA_INDEXTYPE_OPERATORS,VIEW
DBA_INDEXTYPES,VIEW
DBA_JOIN_IND_COLUMNS,VIEW
DBA_LIBRARIES,VIEW
DBA_LOBS,VIEW
DBA_LOG_GROUP_COLUMNS,VIEW
DBA_LOG_GROUPS,VIEW
DBA_NESTED_TABLE_COLS,VIEW
DBA_NESTED_TABLES,VIEW
DBA_OBJ_AUDIT_OPTS,VIEW
DBA_OBJ_COLATTRS,VIEW
DBA_OBJECTS,VIEW
DBA_OBJECT_TABLES,VIEW
DBA_OPANCILLARY,VIEW
DBA_OPARGUMENTS,VIEW
DBA_OPBINDINGS,VIEW
DBA_OPERATOR_COMMENTS,VIEW
DBA_OPERATORS,VIEW
DBA_PARTIAL_DROP_TABS,VIEW
DBA_PLSQL_OBJECT_SETTINGS,VIEW
DBA_PRIV_AUDIT_OPTS,VIEW
DBA_PROCEDURES,VIEW
DBA_PROFILES,VIEW
DBA_PROXIES,VIEW
DBA_PUBLISHED_COLUMNS,VIEW
DBA_REFS,VIEW
DBA_REGISTRY,VIEW
DBA_REGISTRY_HIERARCHY,VIEW
DBA_RESUMABLE,VIEW
DBA_ROLE_PRIVS,VIEW
DBA_ROLES,VIEW
DBA_ROLLBACK_SEGS,VIEW
DBA_SECONDARY_OBJECTS,VIEW
DBA_SEQUENCES,VIEW
DBA_SERVER_REGISTRY,VIEW
DBA_SOURCE_TABLES,VIEW
DBA_STMT_AUDIT_OPTS,VIEW
DBA_STORED_SETTINGS,VIEW
DBA_SUBSCRIBED_COLUMNS,VIEW
DBA_SUBSCRIBED_TABLES,VIEW
DBA_SUBSCRIPTIONS,VIEW
DBA_SYNONYMS,VIEW
DBA_SYS_PRIVS,VIEW
DBA_TAB_COLS,VIEW
DBA_TAB_COL_STATISTICS,VIEW
DBA_TAB_COLUMNS,VIEW
DBA_TAB_COMMENTS,VIEW
DBA_TAB_HISTOGRAMS,VIEW
DBA_TABLES,VIEW
DBA_TAB_MODIFICATIONS,VIEW
DBA_TAB_PRIVS,VIEW
DBA_TS_QUOTAS,VIEW
DBA_UNUSED_COL_TABS,VIEW
DBA_UPDATABLE_COLUMNS,VIEW
DBA_USERS,VIEW
DBA_USTATS,VIEW
DBA_VARRAYS,VIEW
DBA_VIEWS,VIEW
DBA_2PC_NEIGHBORS,VIEW
DBA_2PC_PENDING,VIEW
DBMS_STANDARD,PACKAGE
DICT_COLUMNS,VIEW
DICTIONARY,VIEW
DUAL,TABLE
EXU10TAB,VIEW
EXU10TABS,VIEW
EXU10TABSU,VIEW
EXU10TABU,VIEW
EXU8BSZ,VIEW
EXU8COL,VIEW
EXU8COLNN,VIEW
EXU8COL_TEMP,VIEW
EXU8CSET,VIEW
EXU8FUL,VIEW
EXU8INK,VIEW
EXU8INKU,VIEW
EXU8IOV,VIEW
EXU8IOVU,VIEW
EXU8IXP,VIEW
EXU8IXPU,VIEW
EXU8NTB,VIEW
EXU8NTBU,VIEW
EXU8OPT,VIEW
EXU8PDS,VIEW
EXU8PDSU,VIEW
EXU8POK,VIEW
EXU8POKI,VIEW
EXU8POKIU,VIEW
EXU8POKU,VIEW
EXU8TAB,VIEW
EXU8TABC,VIEW
EXU8TABI,VIEW
EXU8TABU,VIEW
EXU8TBP,VIEW
EXU8TBPU,VIEW
EXU8TNTC,VIEW
EXU8TNTI,VIEW
EXU8TNTIC,VIEW
EXU8USR,VIEW
EXU8USRU,VIEW
EXU81IXCP,VIEW
EXU81IXCPU,VIEW
EXU81IXSP,VIEW
EXU81IXSPU,VIEW
EXU81OBJ,VIEW
EXU81SPOK,VIEW
EXU81SPOKI,VIEW
EXU81SPOKIU,VIEW
EXU81SPOKU,VIEW
EXU81TAB,VIEW
EXU81TABC,VIEW
EXU81TABI,VIEW
EXU81TABS,VIEW
EXU81TABSU,VIEW
EXU81TABU,VIEW
EXU81TBCP,VIEW
EXU81TBCPU,VIEW
EXU81TBSP,VIEW
EXU81TBSPU,VIEW
EXU81TNTC,VIEW
EXU81TNTI,VIEW
EXU816MAXSQV,VIEW
EXU816SQV,VIEW
EXU9IXCP,VIEW
EXU9IXCPU,VIEW
EXU9NLS,VIEW
EXU9PDS,VIEW
EXU9PDSU,VIEW
EXU9TAB,VIEW
EXU9TABC,VIEW
EXU9TABI,VIEW
EXU9TABS,VIEW
EXU9TABSU,VIEW
EXU9TABU,VIEW
EXU9TAB_UNUSED_COLS,VIEW
EXU9TBCP,VIEW
EXU9TBCPU,VIEW
EXU9TNTC,VIEW
EXU9TNTI,VIEW
EXU92TSP,VIEW
EXU92TSPL,VIEW
GLOBAL_NAME,VIEW
GV_$ACCESS,VIEW
GV_$ACTIVE_INSTANCES,VIEW
GV_$ACTIVE_SERVICES,VIEW
GV_$ACTIVE_SESSION_HISTORY,VIEW
GV_$ACTIVE_SESS_POOL_MTH,VIEW
GV_$ADVISOR_PROGRESS,VIEW
GV_$AQ1,VIEW
GV_$ARCHIVE,VIEW
GV_$ARCHIVE_DEST,VIEW
GV_$ARCHIVE_DEST_STATUS,VIEW
GV_$ARCHIVED_LOG,VIEW
GV_$ARCHIVE_GAP,VIEW
GV_$ARCHIVE_PROCESSES,VIEW
GV_$ASM_ALIAS,VIEW
GV_$ASM_CLIENT,VIEW
GV_$ASM_DISK,VIEW
GV_$ASM_DISKGROUP,VIEW
GV_$ASM_FILE,VIEW
GV_$ASM_OPERATION,VIEW
GV_$ASM_TEMPLATE,VIEW
GV_$AW_AGGREGATE_OP,VIEW
GV_$AW_ALLOCATE_OP,VIEW
GV_$AW_CALC,VIEW
GV_$AW_LONGOPS,VIEW
GV_$AW_OLAP,VIEW
GV_$AW_SESSION_INFO,VIEW
GV_$BACKUP,VIEW
GV_$BACKUP_ASYNC_IO,VIEW
GV_$BACKUP_CORRUPTION,VIEW
GV_$BACKUP_DATAFILE,VIEW
GV_$BACKUP_DEVICE,VIEW
GV_$BACKUP_PIECE,VIEW
GV_$BACKUP_REDOLOG,VIEW
GV_$BACKUP_SET,VIEW
GV_$BACKUP_SPFILE,VIEW
GV_$BACKUP_SYNC_IO,VIEW
GV_$BGPROCESS,VIEW
GV_$BH,VIEW
GV_$BSP,VIEW
GV_$BUFFERED_PUBLISHERS,VIEW
GV_$BUFFERED_QUEUES,VIEW
GV_$BUFFERED_SUBSCRIBERS,VIEW
GV_$BUFFER_POOL,VIEW
GV_$BUFFER_POOL_STATISTICS,VIEW
GV_$CIRCUIT,VIEW
GV_$CLASS_CACHE_TRANSFER,VIEW
GV_$CLASS_PING,VIEW
GV_$CONTROLFILE,VIEW
GV_$CONTROLFILE_RECORD_SECTION,VIEW
GV_$COPY_CORRUPTION,VIEW
GV_$CR_BLOCK_SERVER,VIEW
GV_$CURRENT_BLOCK_SERVER,VIEW
GV_$DATABASE,VIEW
GV_$DATABASE_BLOCK_CORRUPTION,VIEW
GV_$DATABASE_INCARNATION,VIEW
GV_$DATAFILE,VIEW
GV_$DATAFILE_COPY,VIEW
GV_$DATAFILE_HEADER,VIEW
GV_$DATAGUARD_CONFIG,VIEW
GV_$DATAGUARD_STATUS,VIEW
GV_$DB_CACHE_ADVICE,VIEW
GV_$DBFILE,VIEW
GV_$DBLINK,VIEW
GV_$DB_OBJECT_CACHE,VIEW
GV_$DB_PIPES,VIEW
GV_$DELETED_OBJECT,VIEW
GV_$DISPATCHER,VIEW
GV_$DISPATCHER_CONFIG,VIEW
GV_$DISPATCHER_RATE,VIEW
GV_$DLM_ALL_LOCKS,VIEW
GV_$DLM_CONVERT_LOCAL,VIEW
GV_$DLM_CONVERT_REMOTE,VIEW
GV_$DLM_LATCH,VIEW
GV_$DLM_LOCKS,VIEW
GV_$DLM_MISC,VIEW
GV_$DLM_RESS,VIEW
GV_$DLM_TRAFFIC_CONTROLLER,VIEW
GV_$ENABLEDPRIVS,VIEW
GV_$ENQUEUE_LOCK,VIEW
GV_$ENQUEUE_STAT,VIEW
GV_$ENQUEUE_STATISTICS,VIEW
GV_$EVENT_HISTOGRAM,VIEW
GV_$EVENTMETRIC,VIEW
GV_$EVENT_NAME,VIEW
GV_$EXECUTION,VIEW
GV_$FAST_START_SERVERS,VIEW
GV_$FAST_START_TRANSACTIONS,VIEW
GV_$FILE_CACHE_TRANSFER,VIEW
GV_$FILE_HISTOGRAM,VIEW
GV_$FILEMETRIC,VIEW
GV_$FILEMETRIC_HISTORY,VIEW
GV_$FILE_PING,VIEW
GV_$FILESTAT,VIEW
GV_$FIXED_TABLE,VIEW
GV_$FIXED_VIEW_DEFINITION,VIEW
GV_$FLASHBACK_DATABASE_LOG,VIEW
GV_$FLASHBACK_DATABASE_LOGFILE,VIEW
GV_$FLASHBACK_DATABASE_STAT,VIEW
GV_$GC_ELEMENT,VIEW
GV_$GC_ELEMENTS_W_COLLISIONS,VIEW
GV_$GCSHVMASTER_INFO,VIEW
GV_$GCSPFMASTER_INFO,VIEW
GV_$GES_BLOCKING_ENQUEUE,VIEW
GV_$GES_ENQUEUE,VIEW
GV_$GLOBAL_BLOCKED_LOCKS,VIEW
GV_$GLOBAL_TRANSACTION,VIEW
GV_$HS_AGENT,VIEW
GV_$HS_PARAMETER,VIEW
GV_$HS_SESSION,VIEW
GV_$HVMASTER_INFO,VIEW
GV_$INDEXED_FIXED_COLUMN,VIEW
GV_$INSTANCE,VIEW
GV_$INSTANCE_CACHE_TRANSFER,VIEW
GV_$INSTANCE_LOG_GROUP,VIEW
GV_$INSTANCE_RECOVERY,VIEW
GV_$JAVA_LIBRARY_CACHE_MEMORY,VIEW
GV_$JAVAPOOL,VIEW
GV_$JAVA_POOL_ADVICE,VIEW
GV_$LATCH,VIEW
GV_$LATCH_CHILDREN,VIEW
GV_$LATCHHOLDER,VIEW
GV_$LATCH_MISSES,VIEW
GV_$LATCHNAME,VIEW
GV_$LATCH_PARENT,VIEW
GV_$LIBRARYCACHE,VIEW
GV_$LIBRARY_CACHE_MEMORY,VIEW
GV_$LICENSE,VIEW
GV_$_LOCK,VIEW
GV_$LOCK,VIEW
GV_$LOCK_ACTIVITY,VIEW
GV_$LOCKED_OBJECT,VIEW
GV_$LOCK_ELEMENT,VIEW
GV_$LOCKS_WITH_COLLISIONS,VIEW
GV_$LOCK_TYPE,VIEW
GV_$LOG,VIEW
GV_$LOGFILE,VIEW
GV_$LOGHIST,VIEW
GV_$LOG_HISTORY,VIEW
GV_$LOGMNR_CALLBACK,VIEW
GV_$LOGMNR_CONTENTS,VIEW
GV_$LOGMNR_DICTIONARY,VIEW
GV_$LOGMNR_LATCH,VIEW
GV_$LOGMNR_LOGFILE,VIEW
GV_$LOGMNR_LOGS,VIEW
GV_$LOGMNR_PARAMETERS,VIEW
GV_$LOGMNR_PROCESS,VIEW
GV_$LOGMNR_REGION,VIEW
GV_$LOGMNR_SESSION,VIEW
GV_$LOGMNR_STATS,VIEW
GV_$LOGMNR_TRANSACTION,VIEW
GV_$MANAGED_STANDBY,VIEW
GV_$MAP_COMP_LIST,VIEW
GV_$MAP_ELEMENT,VIEW
GV_$MAP_EXT_ELEMENT,VIEW
GV_$MAP_FILE,VIEW
GV_$MAP_FILE_EXTENT,VIEW
GV_$MAP_FILE_IO_STACK,VIEW
GV_$MAP_LIBRARY,VIEW
GV_$MAP_SUBELEMENT,VIEW
GV_$MAX_ACTIVE_SESS_TARGET_MTH,VIEW
GV_$METRIC,VIEW
GV_$METRICGROUP,VIEW
GV_$METRIC_HISTORY,VIEW
GV_$METRICNAME,VIEW
GV_$MTTR_TARGET_ADVICE,VIEW
GV_$MYSTAT,VIEW
GV_$NLS_PARAMETERS,VIEW
GV_$NLS_VALID_VALUES,VIEW
GV_$OBJECT_DEPENDENCY,VIEW
GV_$OBSOLETE_PARAMETER,VIEW
GV_$OFFLINE_RANGE,VIEW
GV_$OPEN_CURSOR,VIEW
GV_$OPTION,VIEW
GV_$OSSTAT,VIEW
GV_$PARALLEL_DEGREE_LIMIT_MTH,VIEW
GV_$PARAMETER,VIEW
GV_$PARAMETER2,VIEW
GV_$PGASTAT,VIEW
GV_$PGA_TARGET_ADVICE,VIEW
GV_$PGATARGET_ADVICE_HISTOGRAM,VIEW
GV_$PQ_SESSTAT,VIEW
GV_$PQ_SLAVE,VIEW
GV_$PQ_SYSSTAT,VIEW
GV_$PQ_TQSTAT,VIEW
GV_$PROCESS,VIEW
GV_$PROPAGATION_RECEIVER,VIEW
GV_$PROPAGATION_SENDER,VIEW
GV_$PROXY_ARCHIVEDLOG,VIEW
GV_$PROXY_DATAFILE,VIEW
GV_$PWFILE_USERS,VIEW
GV_$PX_BUFFER_ADVICE,VIEW
GV_$PX_PROCESS,VIEW
GV_$PX_PROCESS_SYSSTAT,VIEW
GV_$PX_SESSION,VIEW
GV_$PX_SESSTAT,VIEW
GV_$QUEUE,VIEW
GV_$QUEUEING_MTH,VIEW
GV_$RECOVER_FILE,VIEW
GV_$RECOVERY_FILE_STATUS,VIEW
GV_$RECOVERY_LOG,VIEW
GV_$RECOVERY_PROGRESS,VIEW
GV_$RECOVERY_STATUS,VIEW
GV_$REQDIST,VIEW
GV_$RESERVED_WORDS,VIEW
GV_$RESOURCE,VIEW
GV_$RESOURCE_LIMIT,VIEW
GV_$RESUMABLE,VIEW
GV_$RMAN_CONFIGURATION,VIEW
GV_$RMAN_OUTPUT,VIEW
GV_$ROLLSTAT,VIEW
GV_$ROWCACHE,VIEW
GV_$ROWCACHE_PARENT,VIEW
GV_$ROWCACHE_SUBORDINATE,VIEW
GV_$RSRC_CONSUME_GROUP_CPU_MTH,VIEW
GV_$RSRC_CONSUMER_GROUP,VIEW
GV_$RSRC_PLAN,VIEW
GV_$RSRC_PLAN_CPU_MTH,VIEW
GV_$RULE,VIEW
GV_$RULE_SET,VIEW
GV_$RULE_SET_AGGREGATE_STATS,VIEW
GV_$SCHEDULER_RUNNING_JOBS,VIEW
GV_$SEGMENT_STATISTICS,VIEW
GV_$SEGSTAT,VIEW
GV_$SEGSTAT_NAME,VIEW
GV_$SERVICE_EVENT,VIEW
GV_$SERVICEMETRIC,VIEW
GV_$SERVICEMETRIC_HISTORY,VIEW
GV_$SERVICES,VIEW
GV_$SERVICE_WAIT_CLASS,VIEW
GV_$SES_OPTIMIZER_ENV,VIEW
GV_$SESS_IO,VIEW
GV_$SESSION,VIEW
GV_$SESSION_CONNECT_INFO,VIEW
GV_$SESSION_CURSOR_CACHE,VIEW
GV_$SESSION_EVENT,VIEW
GV_$SESSION_LONGOPS,VIEW
GV_$SESSION_OBJECT_CACHE,VIEW
GV_$SESSION_WAIT,VIEW
GV_$SESSION_WAIT_CLASS,VIEW
GV_$SESSION_WAIT_HISTORY,VIEW
GV_$SESSMETRIC,VIEW
GV_$SESSTAT,VIEW
GV_$SGA,VIEW
GV_$SGA_CURRENT_RESIZE_OPS,VIEW
GV_$SGA_DYNAMIC_COMPONENTS,VIEW
GV_$SGA_DYNAMIC_FREE_MEMORY,VIEW
GV_$SGAINFO,VIEW
GV_$SGA_RESIZE_OPS,VIEW
GV_$SGASTAT,VIEW
GV_$SHARED_POOL_ADVICE,VIEW
GV_$SHARED_POOL_RESERVED,VIEW
GV_$SHARED_SERVER,VIEW
GV_$SHARED_SERVER_MONITOR,VIEW
GV_$SORT_SEGMENT,VIEW
GV_$SORT_USAGE,VIEW
GV_$SPPARAMETER,VIEW
GV_$SQL,VIEW
GV_$SQLAREA,VIEW
GV_$SQL_BIND_DATA,VIEW
GV_$SQL_BIND_METADATA,VIEW
GV_$SQL_CURSOR,VIEW
GV_$SQL_OPTIMIZER_ENV,VIEW
GV_$SQL_PLAN,VIEW
GV_$SQL_PLAN_STATISTICS,VIEW
GV_$SQL_PLAN_STATISTICS_ALL,VIEW
GV_$SQL_REDIRECTION,VIEW
GV_$SQL_SHARED_CURSOR,VIEW
GV_$SQL_SHARED_MEMORY,VIEW
GV_$SQLTEXT,VIEW
GV_$SQLTEXT_WITH_NEWLINES,VIEW
GV_$SQL_WORKAREA,VIEW
GV_$SQL_WORKAREA_ACTIVE,VIEW
GV_$SQL_WORKAREA_HISTOGRAM,VIEW
GV_$STANDBY_LOG,VIEW
GV_$STATISTICS_LEVEL,VIEW
GV_$STATNAME,VIEW
GV_$SUBCACHE,VIEW
GV_$SYSAUX_OCCUPANTS,VIEW
GV_$SYSMETRIC,VIEW
GV_$SYSMETRIC_HISTORY,VIEW
GV_$SYSMETRIC_SUMMARY,VIEW
GV_$SYS_OPTIMIZER_ENV,VIEW
GV_$SYSSTAT,VIEW
GV_$SYSTEM_CURSOR_CACHE,VIEW
GV_$SYSTEM_EVENT,VIEW
GV_$SYSTEM_PARAMETER,VIEW
GV_$SYSTEM_PARAMETER2,VIEW
GV_$SYSTEM_WAIT_CLASS,VIEW
GV_$TABLESPACE,VIEW
GV_$TEMP_CACHE_TRANSFER,VIEW
GV_$TEMPFILE,VIEW
GV_$TEMP_HISTOGRAM,VIEW
GV_$TEMPORARY_LOBS,VIEW
GV_$TEMP_PING,VIEW
GV_$TEMPSTAT,VIEW
GV_$THREAD,VIEW
GV_$TIMER,VIEW
GV_$TIMEZONE_FILE,VIEW
GV_$TIMEZONE_NAMES,VIEW
GV_$TRANSACTION,VIEW
GV_$TRANSACTION_ENQUEUE,VIEW
GV_$TYPE_SIZE,VIEW
GV_$UNDOSTAT,VIEW
GV_$VERSION,VIEW
GV_$VPD_POLICY,VIEW
GV_$WAITCLASSMETRIC,VIEW
GV_$WAITCLASSMETRIC_HISTORY,VIEW
GV_$WAITSTAT,VIEW
IMP_LOB_INFO,VIEW
IMP_LOB_NOTNULL,VIEW
IMP_TAB_TRIG,VIEW
IMP10TYPIDUSED,VIEW
IMP10TYPUSED,VIEW
IMP8CDT,VIEW
IMP8CDTU,VIEW
IMP8CON,VIEW
IMP8REPCAT,VIEW
IMP8TTD,VIEW
IMP8TTDU,VIEW
IMP8UEC,VIEW
IMP9COMPAT,VIEW
IMP9CON,VIEW
IMP9SYN4,VIEW
IMP9TVOID,VIEW
IMP9USR,VIEW
INDEX_HISTOGRAM,VIEW
INDEX_STATS,VIEW
MAP_OBJECT,TABLE
NLS_DATABASE_PARAMETERS,VIEW
NLS_INSTANCE_PARAMETERS,VIEW
NLS_SESSION_PARAMETERS,VIEW
PRODUCT_COMPONENT_VERSION,VIEW
PROXY_ROLES,VIEW
PROXY_USERS,VIEW
PROXY_USERS_AND_ROLES,VIEW
PSS1$,VIEW
PS1$,VIEW
PUBLICSYN,VIEW
RE$NV_LIST,TYPE
RESOURCE_COST,VIEW
ROLE_ROLE_PRIVS,VIEW
ROLE_SYS_PRIVS,VIEW
ROLE_TAB_PRIVS,VIEW
SESSION_PRIVS,VIEW
SESSION_ROLES,VIEW
STANDARD,PACKAGE
STMT_AUDIT_OPTION_MAP,TABLE
SYNONYMS,VIEW
SYSCATALOG,VIEW
SYSCATALOG_,VIEW
SYSFILES,VIEW
SYSSEGOBJ,VIEW
SYSTEM_PRIVILEGE_MAP,TABLE
TAB,VIEW
TABLE_PRIVILEGE_MAP,TABLE
TABLE_PRIVILEGES,VIEW
TABQUOTAS,VIEW
TRUSTED_SERVERS,VIEW
USER_ALL_TABLES,VIEW
USER_ARGUMENTS,VIEW
USER_ASSOCIATIONS,VIEW
USER_AUDIT_OBJECT,VIEW
USER_AUDIT_SESSION,VIEW
USER_AUDIT_STATEMENT,VIEW
USER_AUDIT_TRAIL,VIEW
USER_CATALOG,VIEW
USER_CLU_COLUMNS,VIEW
USER_CLUSTER_HASH_EXPRESSIONS,VIEW
USER_CLUSTERS,VIEW
USER_COL_COMMENTS,VIEW
USER_COL_PRIVS,VIEW
USER_COL_PRIVS_MADE,VIEW
USER_COL_PRIVS_RECD,VIEW
USER_CONS_COLUMNS,VIEW
USER_CONS_OBJ_COLUMNS,VIEW
USER_CONSTRAINTS,VIEW
USER_DB_LINKS,VIEW
USER_IND_COLUMNS,VIEW
USER_INDEXES,VIEW
USER_IND_EXPRESSIONS,VIEW
USER_INDEXTYPE_ARRAYTYPES,VIEW
USER_INDEXTYPE_COMMENTS,VIEW
USER_INDEXTYPE_OPERATORS,VIEW
USER_INDEXTYPES,VIEW
USER_JOIN_IND_COLUMNS,VIEW
USER_LIBRARIES,VIEW
USER_LOBS,VIEW
USER_LOG_GROUP_COLUMNS,VIEW
USER_LOG_GROUPS,VIEW
USER_NESTED_TABLE_COLS,VIEW
USER_NESTED_TABLES,VIEW
USER_OBJ_AUDIT_OPTS,VIEW
USER_OBJ_COLATTRS,VIEW
USER_OBJECTS,VIEW
USER_OBJECT_TABLES,VIEW
USER_OPANCILLARY,VIEW
USER_OPARGUMENTS,VIEW
USER_OPBINDINGS,VIEW
USER_OPERATOR_COMMENTS,VIEW
USER_OPERATORS,VIEW
USER_PARTIAL_DROP_TABS,VIEW
USER_PASSWORD_LIMITS,VIEW
USER_PLSQL_OBJECT_SETTINGS,VIEW
USER_PROCEDURES,VIEW
USER_PROXIES,VIEW
USER_PUBLISHED_COLUMNS,VIEW
USER_REFS,VIEW
USER_REGISTRY,VIEW
USER_RESOURCE_LIMITS,VIEW
USER_RESUMABLE,VIEW
USER_ROLE_PRIVS,VIEW
USER_SECONDARY_OBJECTS,VIEW
USER_SEQUENCES,VIEW
USER_SOURCE_TABLES,VIEW
USER_STORED_SETTINGS,VIEW
USER_SUBSCRIBED_COLUMNS,VIEW
USER_SUBSCRIBED_TABLES,VIEW
USER_SUBSCRIPTIONS,VIEW
USER_SYNONYMS,VIEW
USER_SYS_PRIVS,VIEW
USER_TAB_COLS,VIEW
USER_TAB_COL_STATISTICS,VIEW
USER_TAB_COLUMNS,VIEW
USER_TAB_COMMENTS,VIEW
USER_TAB_HISTOGRAMS,VIEW
USER_TABLES,VIEW
USER_TAB_MODIFICATIONS,VIEW
USER_TAB_PRIVS,VIEW
USER_TAB_PRIVS_MADE,VIEW
USER_TAB_PRIVS_RECD,VIEW
USER_TS_QUOTAS,VIEW
USER_UNUSED_COL_TABS,VIEW
USER_UPDATABLE_COLUMNS,VIEW
USER_USERS,VIEW
USER_USTATS,VIEW
USER_VARRAYS,VIEW
USER_VIEWS,VIEW
UTL_RAW,PACKAGE
V_$ACCESS,VIEW
V_$ACTIVE_INSTANCES,VIEW
V_$ACTIVE_SERVICES,VIEW
V_$ACTIVE_SESSION_HISTORY,VIEW
V_$ACTIVE_SESS_POOL_MTH,VIEW
V_$ADVISOR_PROGRESS,VIEW
V_$AQ1,VIEW
V_$ARCHIVE,VIEW
V_$ARCHIVE_DEST,VIEW
V_$ARCHIVE_DEST_STATUS,VIEW
V_$ARCHIVED_LOG,VIEW
V_$ARCHIVE_GAP,VIEW
V_$ARCHIVE_PROCESSES,VIEW
V_$ASM_ALIAS,VIEW
V_$ASM_CLIENT,VIEW
V_$ASM_DISK,VIEW
V_$ASM_DISKGROUP,VIEW
V_$ASM_FILE,VIEW
V_$ASM_OPERATION,VIEW
V_$ASM_TEMPLATE,VIEW
V_$AW_AGGREGATE_OP,VIEW
V_$AW_ALLOCATE_OP,VIEW
V_$AW_CALC,VIEW
V_$AW_LONGOPS,VIEW
V_$AW_OLAP,VIEW
V_$AW_SESSION_INFO,VIEW
V_$BACKUP,VIEW
V_$BACKUP_ASYNC_IO,VIEW
V_$BACKUP_CORRUPTION,VIEW
V_$BACKUP_DATAFILE,VIEW
V_$BACKUP_DEVICE,VIEW
V_$BACKUP_PIECE,VIEW
V_$BACKUP_REDOLOG,VIEW
V_$BACKUP_SET,VIEW
V_$BACKUP_SPFILE,VIEW
V_$BACKUP_SYNC_IO,VIEW
V_$BGPROCESS,VIEW
V_$BH,VIEW
V_$BLOCK_CHANGE_TRACKING,VIEW
V_$BSP,VIEW
V_$BUFFERED_PUBLISHERS,VIEW
V_$BUFFERED_QUEUES,VIEW
V_$BUFFERED_SUBSCRIBERS,VIEW
V_$BUFFER_POOL,VIEW
V_$BUFFER_POOL_STATISTICS,VIEW
V_$CIRCUIT,VIEW
V_$CLASS_CACHE_TRANSFER,VIEW
V_$CLASS_PING,VIEW
V_$CONTROLFILE,VIEW
V_$CONTROLFILE_RECORD_SECTION,VIEW
V_$COPY_CORRUPTION,VIEW
V_$CR_BLOCK_SERVER,VIEW
V_$CURRENT_BLOCK_SERVER,VIEW
V_$DATABASE,VIEW
V_$DATABASE_BLOCK_CORRUPTION,VIEW
V_$DATABASE_INCARNATION,VIEW
V_$DATAFILE,VIEW
V_$DATAFILE_COPY,VIEW
V_$DATAFILE_HEADER,VIEW
V_$DATAGUARD_CONFIG,VIEW
V_$DATAGUARD_STATUS,VIEW
V_$DB_CACHE_ADVICE,VIEW
V_$DBFILE,VIEW
V_$DBLINK,VIEW
V_$DB_OBJECT_CACHE,VIEW
V_$DB_PIPES,VIEW
V_$DELETED_OBJECT,VIEW
V_$DISPATCHER,VIEW
V_$DISPATCHER_CONFIG,VIEW
V_$DISPATCHER_RATE,VIEW
V_$DLM_ALL_LOCKS,VIEW
V_$DLM_CONVERT_LOCAL,VIEW
V_$DLM_CONVERT_REMOTE,VIEW
V_$DLM_LATCH,VIEW
V_$DLM_LOCKS,VIEW
V_$DLM_MISC,VIEW
V_$DLM_RESS,VIEW
V_$DLM_TRAFFIC_CONTROLLER,VIEW
V_$ENABLEDPRIVS,VIEW
V_$ENQUEUE_LOCK,VIEW
V_$ENQUEUE_STAT,VIEW
V_$ENQUEUE_STATISTICS,VIEW
V_$EVENT_HISTOGRAM,VIEW
V_$EVENTMETRIC,VIEW
V_$EVENT_NAME,VIEW
V_$EXECUTION,VIEW
V_$FAST_START_SERVERS,VIEW
V_$FAST_START_TRANSACTIONS,VIEW
V_$FILE_CACHE_TRANSFER,VIEW
V_$FILE_HISTOGRAM,VIEW
V_$FILEMETRIC,VIEW
V_$FILEMETRIC_HISTORY,VIEW
V_$FILE_PING,VIEW
V_$FILESTAT,VIEW
V_$FIXED_TABLE,VIEW
V_$FIXED_VIEW_DEFINITION,VIEW
V_$FLASHBACK_DATABASE_LOG,VIEW
V_$FLASHBACK_DATABASE_LOGFILE,VIEW
V_$FLASHBACK_DATABASE_STAT,VIEW
V_$GC_ELEMENT,VIEW
V_$GC_ELEMENTS_W_COLLISIONS,VIEW
V_$GCSHVMASTER_INFO,VIEW
V_$GCSPFMASTER_INFO,VIEW
V_$GES_BLOCKING_ENQUEUE,VIEW
V_$GES_ENQUEUE,VIEW
V_$GLOBAL_BLOCKED_LOCKS,VIEW
V_$GLOBAL_TRANSACTION,VIEW
V_$HS_AGENT,VIEW
V_$HS_PARAMETER,VIEW
V_$HS_SESSION,VIEW
V_$HVMASTER_INFO,VIEW
V_$INDEXED_FIXED_COLUMN,VIEW
V_$INSTANCE,VIEW
V_$INSTANCE_CACHE_TRANSFER,VIEW
V_$INSTANCE_LOG_GROUP,VIEW
V_$INSTANCE_RECOVERY,VIEW
V_$JAVA_LIBRARY_CACHE_MEMORY,VIEW
V_$JAVAPOOL,VIEW
V_$JAVA_POOL_ADVICE,VIEW
V_$KCCDI,VIEW
V_$KCCFE,VIEW
V_$LATCH,VIEW
V_$LATCH_CHILDREN,VIEW
V_$LATCHHOLDER,VIEW
V_$LATCH_MISSES,VIEW
V_$LATCHNAME,VIEW
V_$LATCH_PARENT,VIEW
V_$LIBRARYCACHE,VIEW
V_$LIBRARY_CACHE_MEMORY,VIEW
V_$LICENSE,VIEW
V_$_LOCK,VIEW
V_$LOCK,VIEW
V_$LOCK_ACTIVITY,VIEW
V_$LOCKED_OBJECT,VIEW
V_$LOCK_ELEMENT,VIEW
V_$LOCKS_WITH_COLLISIONS,VIEW
V_$LOCK_TYPE,VIEW
V_$LOG,VIEW
V_$LOGFILE,VIEW
V_$LOGHIST,VIEW
V_$LOG_HISTORY,VIEW
V_$LOGMNR_CALLBACK,VIEW
V_$LOGMNR_CONTENTS,VIEW
V_$LOGMNR_DICTIONARY,VIEW
V_$LOGMNR_LATCH,VIEW
V_$LOGMNR_LOGFILE,VIEW
V_$LOGMNR_LOGS,VIEW
V_$LOGMNR_PARAMETERS,VIEW
V_$LOGMNR_PROCESS,VIEW
V_$LOGMNR_REGION,VIEW
V_$LOGMNR_SESSION,VIEW
V_$LOGMNR_STATS,VIEW
V_$LOGMNR_TRANSACTION,VIEW
V_$MANAGED_STANDBY,VIEW
V_$MAP_COMP_LIST,VIEW
V_$MAP_ELEMENT,VIEW
V_$MAP_EXT_ELEMENT,VIEW
V_$MAP_FILE,VIEW
V_$MAP_FILE_EXTENT,VIEW
V_$MAP_FILE_IO_STACK,VIEW
V_$MAP_LIBRARY,VIEW
V_$MAP_SUBELEMENT,VIEW
V_$MAX_ACTIVE_SESS_TARGET_MTH,VIEW
V_$METRIC,VIEW
V_$METRICGROUP,VIEW
V_$METRIC_HISTORY,VIEW
V_$METRICNAME,VIEW
V_$MTTR_TARGET_ADVICE,VIEW
V_$MYSTAT,VIEW
V_$NLS_PARAMETERS,VIEW
V_$NLS_VALID_VALUES,VIEW
V_$OBJECT_DEPENDENCY,VIEW
V_$OBSOLETE_PARAMETER,VIEW
V_$OFFLINE_RANGE,VIEW
V_$OPEN_CURSOR,VIEW
V_$OPTION,VIEW
V_$OSSTAT,VIEW
V_$PARALLEL_DEGREE_LIMIT_MTH,VIEW
V_$PARAMETER,VIEW
V_$PARAMETER2,VIEW
V_$PGASTAT,VIEW
V_$PGA_TARGET_ADVICE,VIEW
V_$PGA_TARGET_ADVICE_HISTOGRAM,VIEW
V_$PQ_SESSTAT,VIEW
V_$PQ_SLAVE,VIEW
V_$PQ_SYSSTAT,VIEW
V_$PQ_TQSTAT,VIEW
V_$PROCESS,VIEW
V_$PROPAGATION_RECEIVER,VIEW
V_$PROPAGATION_SENDER,VIEW
V_$PROXY_ARCHIVEDLOG,VIEW
V_$PROXY_DATAFILE,VIEW
V_$PWFILE_USERS,VIEW
V_$PX_BUFFER_ADVICE,VIEW
V_$PX_PROCESS,VIEW
V_$PX_PROCESS_SYSSTAT,VIEW
V_$PX_SESSION,VIEW
V_$PX_SESSTAT,VIEW
V_$QUEUE,VIEW
V_$QUEUEING_MTH,VIEW
V_$RECOVER_FILE,VIEW
V_$RECOVERY_FILE_DEST,VIEW
V_$RECOVERY_FILE_STATUS,VIEW
V_$RECOVERY_LOG,VIEW
V_$RECOVERY_PROGRESS,VIEW
V_$RECOVERY_STATUS,VIEW
V_$REQDIST,VIEW
V_$RESERVED_WORDS,VIEW
V_$RESOURCE,VIEW
V_$RESOURCE_LIMIT,VIEW
V_$RESUMABLE,VIEW
V_$RMAN_CONFIGURATION,VIEW
V_$RMAN_OUTPUT,VIEW
V_$RMAN_STATUS,VIEW
V_$ROLLNAME,VIEW
V_$ROLLSTAT,VIEW
V_$ROWCACHE,VIEW
V_$ROWCACHE_PARENT,VIEW
V_$ROWCACHE_SUBORDINATE,VIEW
V_$RSRC_CONSUMER_GROUP,VIEW
V_$RSRC_CONSUMER_GROUP_CPU_MTH,VIEW
V_$RSRC_PLAN,VIEW
V_$RSRC_PLAN_CPU_MTH,VIEW
V_$RULE,VIEW
V_$RULE_SET,VIEW
V_$RULE_SET_AGGREGATE_STATS,VIEW
V_$SCHEDULER_RUNNING_JOBS,VIEW
V_$SEGMENT_STATISTICS,VIEW
V_$SEGSTAT,VIEW
V_$SEGSTAT_NAME,VIEW
V_$SERVICE_EVENT,VIEW
V_$SERVICEMETRIC,VIEW
V_$SERVICEMETRIC_HISTORY,VIEW
V_$SERVICES,VIEW
V_$SERVICE_WAIT_CLASS,VIEW
V_$SES_OPTIMIZER_ENV,VIEW
V_$SESS_IO,VIEW
V_$SESSION,VIEW
V_$SESSION_CONNECT_INFO,VIEW
V_$SESSION_CURSOR_CACHE,VIEW
V_$SESSION_EVENT,VIEW
V_$SESSION_LONGOPS,VIEW
V_$SESSION_OBJECT_CACHE,VIEW
V_$SESSION_WAIT,VIEW
V_$SESSION_WAIT_CLASS,VIEW
V_$SESSION_WAIT_HISTORY,VIEW
V_$SESSMETRIC,VIEW
V_$SESSTAT,VIEW
V_$SGA,VIEW
V_$SGA_CURRENT_RESIZE_OPS,VIEW
V_$SGA_DYNAMIC_COMPONENTS,VIEW
V_$SGA_DYNAMIC_FREE_MEMORY,VIEW
V_$SGAINFO,VIEW
V_$SGA_RESIZE_OPS,VIEW
V_$SGASTAT,VIEW
V_$SHARED_POOL_ADVICE,VIEW
V_$SHARED_POOL_RESERVED,VIEW
V_$SHARED_SERVER,VIEW
V_$SHARED_SERVER_MONITOR,VIEW
V_$SORT_SEGMENT,VIEW
V_$SORT_USAGE,VIEW
V_$SPPARAMETER,VIEW
V_$SQL,VIEW
V_$SQLAREA,VIEW
V_$SQL_BIND_DATA,VIEW
V_$SQL_BIND_METADATA,VIEW
V_$SQL_CURSOR,VIEW
V_$SQL_OPTIMIZER_ENV,VIEW
V_$SQL_PLAN,VIEW
V_$SQL_PLAN_STATISTICS,VIEW
V_$SQL_PLAN_STATISTICS_ALL,VIEW
V_$SQL_REDIRECTION,VIEW
V_$SQL_SHARED_CURSOR,VIEW
V_$SQL_SHARED_MEMORY,VIEW
V_$SQLTEXT,VIEW
V_$SQLTEXT_WITH_NEWLINES,VIEW
V_$SQL_WORKAREA,VIEW
V_$SQL_WORKAREA_ACTIVE,VIEW
V_$SQL_WORKAREA_HISTOGRAM,VIEW
V_$STANDBY_LOG,VIEW
V_$STATISTICS_LEVEL,VIEW
V_$STATNAME,VIEW
V_$SUBCACHE,VIEW
V_$SYSAUX_OCCUPANTS,VIEW
V_$SYSMETRIC,VIEW
V_$SYSMETRIC_HISTORY,VIEW
V_$SYSMETRIC_SUMMARY,VIEW
V_$SYS_OPTIMIZER_ENV,VIEW
V_$SYSSTAT,VIEW
V_$SYSTEM_CURSOR_CACHE,VIEW
V_$SYSTEM_EVENT,VIEW
V_$SYSTEM_PARAMETER,VIEW
V_$SYSTEM_PARAMETER2,VIEW
V_$SYSTEM_WAIT_CLASS,VIEW
V_$TABLESPACE,VIEW
V_$TEMP_CACHE_TRANSFER,VIEW
V_$TEMPFILE,VIEW
V_$TEMP_HISTOGRAM,VIEW
V_$TEMPORARY_LOBS,VIEW
V_$TEMP_PING,VIEW
V_$TEMPSTAT,VIEW
V_$THREAD,VIEW
V_$TIMER,VIEW
V_$TIMEZONE_FILE,VIEW
V_$TIMEZONE_NAMES,VIEW
V_$TRANSACTION,VIEW
V_$TRANSACTION_ENQUEUE,VIEW
V_$TYPE_SIZE,VIEW
V_$UNDOSTAT,VIEW
V_$VERSION,VIEW
V_$VPD_POLICY,VIEW
V_$WAITCLASSMETRIC,VIEW
V_$WAITCLASSMETRIC_HISTORY,VIEW
V_$WAITSTAT,VIEW
