
Usage: oradumper [PARAMETER=VALUE]... [BIND VALUE]...

Mandatory parameters:
  query                           Select statement

Optional parameters:
  userid                          Oracle connect string
  fetch_size                      Array size [default = 10]
  dbug_options                    DBUG options [default = ]
  nls_lang                        Set NLS_LANG environment variable
  nls_date_format                 Set NLS date format
  nls_timestamp_format            Set NLS timestamp format
  nls_timestamp_tz_format         Set NLS timestamp timezone format
  nls_numeric_characters          Set NLS numeric characters
  details                         Print details about input and output values (1 = yes) [default = 0]
  record_delimiter                Record delimiter [default = \n]
  feedback                        Give feedback (0 = no feedback) [default = 1]
  column_heading                  Include column names in first line (1 = yes) [default = 1]
  fixed_column_length             Fixed column length: 1 = yes (fixed), 0 = no (variable) [default = 0]
  column_separator                The column separator [default = ,]
  enclosure_string                Put around a column when it has a variable length and contains the column separator [default = "]
  output_file                     The output file
  output_append                   Append to the output file (1 = yes)? [default = 0]
  null                            Value to print for NULL values
  zero_before_decimal_character   Print zero before a number starting with a decimal character (1 = yes) [default = 1]

The values for record_delimiter, column_separator and enclosure_string may contain escaped characters like \n, \012 or \x0a (linefeed).

The first argument which is not recognized as a PARAMETER=VALUE pair, is a bind value.
So abc is a bind value, but abc=xyz is a bind value as well since abc is not a known parameter.

